
> civic-issue-system@0.1.0 test
> jest

